10:27:12.718 [main] WARN  c.b.config.BrowserStackConfig - TEST REPORTING AND ANALYTICS could not be enabled because framework detected is null. We currently support frameworks testng, cucumber-testng & serenity
10:27:16.335 [main] DEBUG com.browserstack.v2.SdkCliUtils - File C:\Users\MOHAMMAD.RAFI\.browserstack already exist
10:27:16.340 [main] DEBUG com.browserstack.v2.SdkCliUtils - Current CLI Path Found: C:\Users\MOHAMMAD.RAFI\.browserstack\cli\binary-win-x64.exe
10:27:18.567 [main] ERROR com.browserstack.v2.SdkCliUtils - Error in setting up cli path directory, Exception: Unexpected token END OF FILE at position 0.
	at browserstack.shaded.org.json.simple.parser.JSONParser.parse(Unknown Source)
	at browserstack.shaded.org.json.simple.parser.JSONParser.parse(Unknown Source)
	at browserstack.shaded.org.json.simple.parser.JSONParser.parse(Unknown Source)
	at com.browserstack.v2.SdkCliUtils.checkAndUpdateCli(Unknown Source)
	at com.browserstack.v2.SdkCliUtils.setupCliPath(Unknown Source)
	at com.browserstack.v2.SdkCLI.<clinit>(Unknown Source)
	at com.browserstack.monitoring.PerformanceTester.measure(Unknown Source)
	at com.browserstack.monitoring.PerformanceTester.end(Unknown Source)
	at com.browserstack.testNgListeners.BrowserstackSuiteListener.a(Unknown Source)
	at com.browserstack.testNgListeners.BrowserstackSuiteListener.onStart(Unknown Source)
	at org.testng.SuiteRunner.invokeListeners(SuiteRunner.java:268)
	at org.testng.SuiteRunner.run(SuiteRunner.java:334)
	at org.testng.SuiteRunnerWorker.runSuite(SuiteRunnerWorker.java:52)
	at org.testng.SuiteRunnerWorker.run(SuiteRunnerWorker.java:95)
	at org.testng.TestNG.runSuitesSequentially(TestNG.java:1280)
	at org.testng.TestNG.runSuitesLocally(TestNG.java:1200)
	at org.testng.TestNG.runSuites(TestNG.java:1114)
	at org.testng.TestNG.run(TestNG.java:1082)
	at com.intellij.rt.testng.IDEARemoteTestNG.run(IDEARemoteTestNG.java:65)
	at com.intellij.rt.testng.RemoteTestNGStarter.main(RemoteTestNGStarter.java:105)

10:27:19.672 [TestNG-test=All Web Tests-1] DEBUG c.browserstack.utils.CurrentTestMap - Searching for Test Run ID for Thread: 46
10:27:19.879 [TestNG-test=All Web Tests-1] DEBUG c.browserstack.utils.CurrentTestMap - Searching for Test Run ID for Thread: 46
10:27:19.919 [TestNG-test=All Web Tests-1] DEBUG c.browserstack.utils.CurrentTestMap - Searching for Test Run ID for Thread: 46
10:27:19.924 [TestNG-test=All Web Tests-1] DEBUG c.browserstack.utils.CurrentTestMap - Searching for Test Run ID for Thread: 46
10:27:19.926 [TestNG-test=All Web Tests-1] DEBUG c.browserstack.utils.CurrentTestMap - Searching for Test Run ID for Thread: 46
10:27:22.563 [TestNG-test=All Web Tests-1] DEBUG c.browserstack.utils.CurrentTestMap - Searching for Test Run ID for Thread: 46
10:27:22.584 [TestNG-test=All Web Tests-1] DEBUG c.browserstack.utils.CurrentTestMap - Searching for Test Run ID for Thread: 46
10:27:22.728 [TestNG-test=All Web Tests-1] DEBUG c.browserstack.utils.CurrentTestMap - Searching for Test Run ID for Thread: 46
10:27:23.033 [TestNG-test=All Web Tests-1] DEBUG c.browserstack.utils.CurrentTestMap - Searching for Test Run ID for Thread: 46
10:27:23.293 [TestNG-test=All Web Tests-1] DEBUG c.browserstack.utils.CurrentTestMap - Searching for Test Run ID for Thread: 46
10:27:27.398 [TestNG-test=All Web Tests-1] DEBUG c.browserstack.utils.CurrentTestMap - Searching for Test Run ID for Thread: 46
10:27:27.875 [TestNG-test=All Web Tests-1] DEBUG c.browserstack.utils.CurrentTestMap - Searching for Test Run ID for Thread: 46
10:27:27.877 [TestNG-test=All Web Tests-1] DEBUG c.browserstack.utils.CurrentTestMap - Searching for Test Run ID for Thread: 46
10:27:27.958 [TestNG-test=All Web Tests-1] DEBUG c.browserstack.utils.CurrentTestMap - Searching for Test Run ID for Thread: 46
10:27:28.052 [TestNG-test=All Web Tests-1] DEBUG c.browserstack.utils.CurrentTestMap - Searching for Test Run ID for Thread: 46
10:27:28.426 [TestNG-test=All Web Tests-1] DEBUG c.browserstack.utils.CurrentTestMap - Searching for Test Run ID for Thread: 46
10:27:28.428 [TestNG-test=All Web Tests-1] DEBUG c.browserstack.utils.CurrentTestMap - Searching for Test Run ID for Thread: 46
10:27:28.486 [TestNG-test=All Web Tests-1] DEBUG c.browserstack.utils.CurrentTestMap - Searching for Test Run ID for Thread: 46
10:27:28.584 [TestNG-test=All Web Tests-1] DEBUG c.browserstack.utils.CurrentTestMap - Searching for Test Run ID for Thread: 46
10:27:28.649 [TestNG-test=All Web Tests-1] DEBUG c.browserstack.utils.CurrentTestMap - Searching for Test Run ID for Thread: 46
10:27:28.651 [TestNG-test=All Web Tests-1] DEBUG c.browserstack.utils.CurrentTestMap - Searching for Test Run ID for Thread: 46
10:27:28.742 [TestNG-test=All Web Tests-1] DEBUG c.browserstack.utils.CurrentTestMap - Searching for Test Run ID for Thread: 46
10:27:30.133 [TestNG-test=All Web Tests-1] DEBUG c.browserstack.utils.CurrentTestMap - Searching for Test Run ID for Thread: 46
10:27:30.135 [TestNG-test=All Web Tests-1] DEBUG c.browserstack.utils.CurrentTestMap - Searching for Test Run ID for Thread: 46
10:27:30.171 [TestNG-test=All Web Tests-1] DEBUG c.browserstack.utils.CurrentTestMap - Searching for Test Run ID for Thread: 46
10:27:31.669 [TestNG-test=All Web Tests-1] DEBUG c.browserstack.utils.CurrentTestMap - Searching for Test Run ID for Thread: 46
10:27:32.013 [TestNG-test=All Web Tests-1] DEBUG c.browserstack.utils.CurrentTestMap - Searching for Test Run ID for Thread: 46
10:27:32.333 [TestNG-test=All Web Tests-1] DEBUG c.browserstack.utils.CurrentTestMap - Searching for Test Run ID for Thread: 46
10:27:32.334 [TestNG-test=All Web Tests-1] DEBUG c.browserstack.utils.CurrentTestMap - Searching for Test Run ID for Thread: 46
10:27:32.396 [TestNG-test=All Web Tests-1] DEBUG c.browserstack.utils.CurrentTestMap - Searching for Test Run ID for Thread: 46
10:27:32.451 [TestNG-test=All Web Tests-1] DEBUG c.browserstack.utils.CurrentTestMap - Searching for Test Run ID for Thread: 46
10:27:32.550 [TestNG-test=All Web Tests-1] DEBUG c.browserstack.utils.CurrentTestMap - Searching for Test Run ID for Thread: 46
10:27:32.622 [TestNG-test=All Web Tests-1] DEBUG c.browserstack.utils.CurrentTestMap - Searching for Test Run ID for Thread: 46
10:27:32.625 [TestNG-test=All Web Tests-1] DEBUG c.browserstack.utils.CurrentTestMap - Searching for Test Run ID for Thread: 46
10:27:32.683 [TestNG-test=All Web Tests-1] DEBUG c.browserstack.utils.CurrentTestMap - Searching for Test Run ID for Thread: 46
10:27:32.736 [TestNG-test=All Web Tests-1] DEBUG c.browserstack.utils.CurrentTestMap - Searching for Test Run ID for Thread: 46
10:27:32.847 [TestNG-test=All Web Tests-1] DEBUG c.browserstack.utils.CurrentTestMap - Searching for Test Run ID for Thread: 46
10:27:32.924 [TestNG-test=All Web Tests-1] DEBUG c.browserstack.utils.CurrentTestMap - Searching for Test Run ID for Thread: 46
10:27:32.926 [TestNG-test=All Web Tests-1] DEBUG c.browserstack.utils.CurrentTestMap - Searching for Test Run ID for Thread: 46
10:27:32.991 [TestNG-test=All Web Tests-1] DEBUG c.browserstack.utils.CurrentTestMap - Searching for Test Run ID for Thread: 46
10:27:33.044 [TestNG-test=All Web Tests-1] DEBUG c.browserstack.utils.CurrentTestMap - Searching for Test Run ID for Thread: 46
10:27:33.163 [TestNG-test=All Web Tests-1] DEBUG c.browserstack.utils.CurrentTestMap - Searching for Test Run ID for Thread: 46
10:27:33.227 [TestNG-test=All Web Tests-1] DEBUG c.browserstack.utils.CurrentTestMap - Searching for Test Run ID for Thread: 46
10:27:33.514 [TestNG-test=All Web Tests-1] DEBUG c.browserstack.utils.CurrentTestMap - Searching for Test Run ID for Thread: 46
10:27:33.536 [TestNG-test=All Web Tests-1] DEBUG c.browserstack.utils.CurrentTestMap - Searching for Test Run ID for Thread: 46
10:27:33.639 [TestNG-test=All Web Tests-1] DEBUG c.browserstack.utils.CurrentTestMap - Searching for Test Run ID for Thread: 46
10:27:35.612 [TestNG-test=All Web Tests-1] DEBUG c.browserstack.utils.CurrentTestMap - Searching for Test Run ID for Thread: 46
10:27:35.677 [TestNG-test=All Web Tests-1] DEBUG c.browserstack.utils.CurrentTestMap - Searching for Test Run ID for Thread: 46
10:27:35.681 [TestNG-test=All Web Tests-1] DEBUG c.browserstack.utils.CurrentTestMap - Searching for Test Run ID for Thread: 46
10:27:35.683 [TestNG-test=All Web Tests-1] DEBUG c.browserstack.utils.CurrentTestMap - Searching for Test Run ID for Thread: 46
10:27:36.041 [TestNG-test=All Web Tests-1] DEBUG c.browserstack.utils.CurrentTestMap - Searching for Test Run ID for Thread: 46
10:27:36.133 [TestNG-test=All Web Tests-1] DEBUG c.browserstack.utils.CurrentTestMap - Searching for Test Run ID for Thread: 46
10:27:36.138 [TestNG-test=All Web Tests-1] DEBUG c.browserstack.utils.CurrentTestMap - Searching for Test Run ID for Thread: 46
10:27:36.141 [TestNG-test=All Web Tests-1] DEBUG c.browserstack.utils.CurrentTestMap - Searching for Test Run ID for Thread: 46
10:27:36.142 [TestNG-test=All Web Tests-1] DEBUG c.browserstack.utils.CurrentTestMap - Searching for Test Run ID for Thread: 46
10:27:36.539 [TestNG-test=All Web Tests-1] DEBUG c.browserstack.utils.CurrentTestMap - Searching for Test Run ID for Thread: 46
10:27:36.541 [TestNG-test=All Web Tests-1] DEBUG c.browserstack.utils.CurrentTestMap - Searching for Test Run ID for Thread: 46
10:27:36.543 [TestNG-test=All Web Tests-1] DEBUG c.browserstack.utils.CurrentTestMap - Searching for Test Run ID for Thread: 46
10:27:36.544 [TestNG-test=All Web Tests-1] DEBUG c.browserstack.utils.CurrentTestMap - Searching for Test Run ID for Thread: 46
10:27:37.931 [TestNG-test=All Web Tests-1] DEBUG c.browserstack.utils.CurrentTestMap - Searching for Test Run ID for Thread: 46
10:27:37.936 [TestNG-test=All Web Tests-1] DEBUG c.browserstack.utils.CurrentTestMap - Searching for Test Run ID for Thread: 46
10:27:37.948 [TestNG-test=All Web Tests-1] DEBUG c.browserstack.utils.CurrentTestMap - Searching for Test Run ID for Thread: 46
10:27:37.963 [TestNG-test=All Web Tests-1] DEBUG c.browserstack.utils.CurrentTestMap - Searching for Test Run ID for Thread: 46
10:27:37.968 [TestNG-test=All Web Tests-1] DEBUG c.browserstack.utils.CurrentTestMap - Searching for Test Run ID for Thread: 46
10:27:37.969 [TestNG-test=All Web Tests-1] DEBUG c.browserstack.utils.CurrentTestMap - Searching for Test Run ID for Thread: 46
10:27:37.971 [TestNG-test=All Web Tests-1] DEBUG c.browserstack.utils.CurrentTestMap - Searching for Test Run ID for Thread: 46
10:27:37.972 [TestNG-test=All Web Tests-1] DEBUG c.browserstack.utils.CurrentTestMap - Searching for Test Run ID for Thread: 46
10:27:37.973 [TestNG-test=All Web Tests-1] DEBUG c.browserstack.utils.CurrentTestMap - Searching for Test Run ID for Thread: 46
10:27:37.974 [TestNG-test=All Web Tests-1] DEBUG c.browserstack.utils.CurrentTestMap - Searching for Test Run ID for Thread: 46
10:27:37.975 [TestNG-test=All Web Tests-1] DEBUG c.browserstack.utils.CurrentTestMap - Searching for Test Run ID for Thread: 46
10:27:37.977 [TestNG-test=All Web Tests-1] DEBUG c.browserstack.utils.CurrentTestMap - Searching for Test Run ID for Thread: 46
10:27:37.988 [TestNG-test=All Web Tests-1] DEBUG c.browserstack.utils.CurrentTestMap - Searching for Test Run ID for Thread: 46
10:27:38.075 [TestNG-test=All Web Tests-1] DEBUG c.browserstack.utils.CurrentTestMap - Searching for Test Run ID for Thread: 46
10:27:38.078 [TestNG-test=All Web Tests-1] DEBUG c.browserstack.utils.CurrentTestMap - Searching for Test Run ID for Thread: 46
10:27:41.296 [TestNG-test=All Web Tests-1] DEBUG c.browserstack.utils.CurrentTestMap - Searching for Test Run ID for Thread: 46
10:27:41.307 [TestNG-test=All Web Tests-1] DEBUG c.browserstack.utils.CurrentTestMap - Searching for Test Run ID for Thread: 46
10:27:41.320 [TestNG-test=All Web Tests-1] DEBUG c.browserstack.utils.CurrentTestMap - Searching for Test Run ID for Thread: 46
10:27:41.320 [TestNG-test=All Web Tests-1] DEBUG c.browserstack.utils.CurrentTestMap - Searching for Test Run ID for Thread: 46
10:27:41.321 [TestNG-test=All Web Tests-1] DEBUG c.browserstack.utils.CurrentTestMap - Searching for Test Run ID for Thread: 46
10:27:41.321 [TestNG-test=All Web Tests-1] DEBUG c.browserstack.utils.CurrentTestMap - Searching for Test Run ID for Thread: 46
10:27:41.672 [TestNG-test=All Web Tests-1] DEBUG c.browserstack.utils.CurrentTestMap - Searching for Test Run ID for Thread: 46
10:27:42.746 [TestNG-test=All Web Tests-1] DEBUG c.browserstack.utils.CurrentTestMap - Searching for Test Run ID for Thread: 46
10:27:42.747 [TestNG-test=All Web Tests-1] DEBUG c.browserstack.utils.CurrentTestMap - Searching for Test Run ID for Thread: 46
10:27:42.747 [TestNG-test=All Web Tests-1] DEBUG c.browserstack.utils.CurrentTestMap - Searching for Test Run ID for Thread: 46
10:27:42.892 [TestNG-test=All Web Tests-1] DEBUG c.browserstack.utils.CurrentTestMap - Searching for Test Run ID for Thread: 46
10:27:44.529 [TestNG-test=All Web Tests-1] DEBUG c.browserstack.utils.CurrentTestMap - Searching for Test Run ID for Thread: 46
10:27:45.743 [TestNG-test=All Web Tests-1] DEBUG c.browserstack.utils.CurrentTestMap - Searching for Test Run ID for Thread: 46
10:27:45.895 [TestNG-test=All Web Tests-1] DEBUG c.browserstack.utils.CurrentTestMap - Searching for Test Run ID for Thread: 46
10:27:45.896 [TestNG-test=All Web Tests-1] DEBUG c.browserstack.utils.CurrentTestMap - Searching for Test Run ID for Thread: 46
10:27:46.022 [TestNG-test=All Web Tests-1] DEBUG c.browserstack.utils.CurrentTestMap - Searching for Test Run ID for Thread: 46
10:27:46.868 [TestNG-test=All Web Tests-1] DEBUG c.browserstack.utils.CurrentTestMap - Searching for Test Run ID for Thread: 46
10:27:49.224 [TestNG-test=All Web Tests-1] DEBUG c.browserstack.utils.CurrentTestMap - Searching for Test Run ID for Thread: 46
10:27:50.097 [TestNG-test=All Web Tests-1] DEBUG c.browserstack.utils.CurrentTestMap - Searching for Test Run ID for Thread: 46
10:27:52.146 [TestNG-test=All Web Tests-1] DEBUG c.browserstack.utils.CurrentTestMap - Searching for Test Run ID for Thread: 46
10:27:54.214 [TestNG-test=All Web Tests-1] DEBUG c.browserstack.utils.CurrentTestMap - Searching for Test Run ID for Thread: 46
10:27:56.275 [TestNG-test=All Web Tests-1] DEBUG c.browserstack.utils.CurrentTestMap - Searching for Test Run ID for Thread: 46
10:27:58.362 [TestNG-test=All Web Tests-1] DEBUG c.browserstack.utils.CurrentTestMap - Searching for Test Run ID for Thread: 46
10:28:01.435 [TestNG-test=All Web Tests-1] DEBUG c.browserstack.utils.CurrentTestMap - Searching for Test Run ID for Thread: 46
10:28:01.936 [TestNG-test=All Web Tests-1] DEBUG c.browserstack.utils.CurrentTestMap - Searching for Test Run ID for Thread: 46
10:28:01.937 [TestNG-test=All Web Tests-1] DEBUG c.browserstack.utils.CurrentTestMap - Searching for Test Run ID for Thread: 46
10:28:01.938 [TestNG-test=All Web Tests-1] DEBUG c.browserstack.utils.CurrentTestMap - Searching for Test Run ID for Thread: 46
10:28:02.472 [TestNG-test=All Web Tests-1] DEBUG c.browserstack.utils.CurrentTestMap - Searching for Test Run ID for Thread: 46
10:28:05.035 [TestNG-test=All Web Tests-1] DEBUG c.browserstack.utils.CurrentTestMap - Searching for Test Run ID for Thread: 46
10:28:05.036 [TestNG-test=All Web Tests-1] DEBUG c.browserstack.utils.CurrentTestMap - Searching for Test Run ID for Thread: 46
10:28:05.279 [TestNG-test=All Web Tests-1] DEBUG c.browserstack.utils.CurrentTestMap - Searching for Test Run ID for Thread: 46
10:28:05.941 [TestNG-test=All Web Tests-1] DEBUG c.browserstack.utils.CurrentTestMap - Searching for Test Run ID for Thread: 46
10:28:05.942 [TestNG-test=All Web Tests-1] DEBUG c.browserstack.utils.CurrentTestMap - Searching for Test Run ID for Thread: 46
10:28:07.319 [TestNG-test=All Web Tests-1] DEBUG c.browserstack.utils.CurrentTestMap - Searching for Test Run ID for Thread: 46
10:28:08.118 [TestNG-test=All Web Tests-1] DEBUG c.browserstack.utils.CurrentTestMap - Searching for Test Run ID for Thread: 46
10:28:10.215 [TestNG-test=All Web Tests-1] DEBUG c.browserstack.utils.CurrentTestMap - Searching for Test Run ID for Thread: 46
10:28:10.216 [TestNG-test=All Web Tests-1] DEBUG c.browserstack.utils.CurrentTestMap - Searching for Test Run ID for Thread: 46
10:28:10.216 [TestNG-test=All Web Tests-1] DEBUG c.browserstack.utils.CurrentTestMap - Searching for Test Run ID for Thread: 46
10:28:10.462 [TestNG-test=All Web Tests-1] DEBUG c.browserstack.utils.CurrentTestMap - Searching for Test Run ID for Thread: 46
10:28:11.201 [TestNG-test=All Web Tests-1] DEBUG c.browserstack.utils.CurrentTestMap - Searching for Test Run ID for Thread: 46
10:28:12.753 [TestNG-test=All Web Tests-1] DEBUG c.browserstack.utils.CurrentTestMap - Searching for Test Run ID for Thread: 46
10:28:23.475 [TestNG-test=All Web Tests-1] DEBUG c.browserstack.utils.CurrentTestMap - Searching for Test Run ID for Thread: 46
10:28:23.476 [TestNG-test=All Web Tests-1] DEBUG c.browserstack.utils.CurrentTestMap - Searching for Test Run ID for Thread: 46
10:28:24.155 [main] DEBUG c.b.utils.FunnelInstrumentation - Error in getting Product:
java.lang.NullPointerException: Cannot invoke "String.equalsIgnoreCase(String)" because the return value of "com.browserstack.config.BrowserStackConfig.getFramework()" is null
	at com.browserstack.utils.FunnelInstrumentation.a(Unknown Source)
	at java.base/java.util.stream.MatchOps$1MatchSink.accept(MatchOps.java:90)
	at java.base/java.util.Spliterators$ArraySpliterator.tryAdvance(Spliterators.java:1034)
	at java.base/java.util.stream.ReferencePipeline.forEachWithCancel(ReferencePipeline.java:129)
	at java.base/java.util.stream.AbstractPipeline.copyIntoWithCancel(AbstractPipeline.java:527)
	at java.base/java.util.stream.AbstractPipeline.copyInto(AbstractPipeline.java:513)
	at java.base/java.util.stream.AbstractPipeline.wrapAndCopyInto(AbstractPipeline.java:499)
	at java.base/java.util.stream.MatchOps$MatchOp.evaluateSequential(MatchOps.java:230)
	at java.base/java.util.stream.MatchOps$MatchOp.evaluateSequential(MatchOps.java:196)
	at java.base/java.util.stream.AbstractPipeline.evaluate(AbstractPipeline.java:234)
	at java.base/java.util.stream.ReferencePipeline.anyMatch(ReferencePipeline.java:632)
	at com.browserstack.utils.FunnelInstrumentation.getProducts(Unknown Source)
	at com.browserstack.utils.FunnelInstrumentation.createParamsForEvent(Unknown Source)
	at com.browserstack.utils.FunnelInstrumentation.sendSDKEvent(Unknown Source)
	at com.browserstack.testNgListeners.TmpSuiteListener.onFinish(Unknown Source)
	at org.testng.TestRunner.fireEvent(TestRunner.java:986)
	at org.testng.TestRunner.afterRun(TestRunner.java:943)
	at org.testng.TestRunner.run(TestRunner.java:624)
	at org.testng.SuiteRunner.runTest(SuiteRunner.java:443)
	at org.testng.SuiteRunner.runSequentially(SuiteRunner.java:437)
	at org.testng.SuiteRunner.privateRun(SuiteRunner.java:397)
	at org.testng.SuiteRunner.run(SuiteRunner.java:336)
	at org.testng.SuiteRunnerWorker.runSuite(SuiteRunnerWorker.java:52)
	at org.testng.SuiteRunnerWorker.run(SuiteRunnerWorker.java:95)
	at org.testng.TestNG.runSuitesSequentially(TestNG.java:1280)
	at org.testng.TestNG.runSuitesLocally(TestNG.java:1200)
	at org.testng.TestNG.runSuites(TestNG.java:1114)
	at org.testng.TestNG.run(TestNG.java:1082)
	at com.intellij.rt.testng.IDEARemoteTestNG.run(IDEARemoteTestNG.java:65)
	at com.intellij.rt.testng.RemoteTestNGStarter.main(RemoteTestNGStarter.java:105)
10:28:24.171 [main] DEBUG c.b.utils.FrameworkDetectionUtils - Couldn't find dependency class: appium
10:28:24.204 [main] DEBUG com.browserstack.testOps.UsageStats - getFormattedData: Collecting data for TEST REPORTING AND ANALYTICS
10:28:24.240 [main] DEBUG c.b.utils.FunnelInstrumentation - Sending funnel data for SDKTestSuccessful with data: {"event_type":"SDKTestSuccessful","accessKey":"[REDACTED]","userName":"[REDACTED]","event_properties":{"isPercyAutoEnabled":false,"language":"java","sdkRunId":"d495f746-4594-44f5-a860-a3410dab7db1","buildIdentifier":"unknown","testhub_uuid":"","detectedAppiumVersion":"null","productMap":{"app_automate":false,"accessibility":null,"automate":true,"percy":false,"observability":false,"turboscale":false},"hostname":"AGI018865","measures":{"sdk:pre-test":0.021300017833709717},"productUsage":{"testObservability":{"buildHashedId":"","manuallySet":false,"enabled":false}},"browserStackConfig":{"browserstackLocal":null,"percy":false,"logLevel":"info","staticWebDriver":true,"autoDetectFramework":true,"percyCaptureMode":"AUTO","browserStackLocalOptions":null,"percyOptions":null,"testContextOptions":{"serenityOverridePlugin":false,"skipSessionStatus":false,"skipSessionName":false},"platforms":null,"parallelsPerPlatform":null,"framework":null,"accessibility":false,"accessibilityOptions":{},"turboScaleOptions":{},"disableAutoCaptureLogs":true,"testObservability":true,"browserstackAutomation":true,"turboScale":false,"testObservabilityOptions":{},"gradleMConfig":null,"proxySettings":null},"automationFrameworkVersion":null,"percyBuildId":null,"product":"[automate]","buildName":"unknown","os":"Windows 11","languageVersion":"21.0.7","appiumVersion":"null","frameworkDetectionInstrumentation":{},"detectedDependencies":"","referrer":"unknown","locationTrigger":"onFinish","accessibilityConfiguration":{"pollingTimeout":30},"language_framework":"unknown","testOrchestration":{"abortBuildOnFailure":{"enabled":false},"retryTestsOnFailure":{"enabled":false},"userConfig":{}},"detectedSeleniumVersion":"4.15.0","automationFramework":"selenium","seleniumVersion":"null"}}
10:28:24.757 [main] DEBUG c.b.utils.FunnelInstrumentation - API Event SDKTestSuccessful, response: {"message":"Unauthorized"}
10:28:24.782 [main] DEBUG c.browserstack.utils.CurrentTestMap - Searching for Test Run ID for Thread: 1
10:28:25.710 [main] DEBUG c.b.monitoring.PerformanceTester - Failed to append key metrics to file C:\Users\MOHAMMAD.RAFI\TestAutomation\projects\kabi\agi_KabiProject\log\key-metrics.json
10:28:25.714 [main] DEBUG c.browserstack.utils.CurrentTestMap - Searching for Test Run ID for Thread: 1
11:37:57.039 [main] WARN  c.b.config.BrowserStackConfig - TEST REPORTING AND ANALYTICS could not be enabled because framework detected is null. We currently support frameworks testng, cucumber-testng & serenity
11:37:59.087 [main] DEBUG com.browserstack.v2.SdkCliUtils - File C:\Users\MOHAMMAD.RAFI\.browserstack already exist
11:37:59.092 [main] DEBUG com.browserstack.v2.SdkCliUtils - Current CLI Path Found: C:\Users\MOHAMMAD.RAFI\.browserstack\cli\binary-win-x64.exe
11:38:01.338 [main] ERROR com.browserstack.v2.SdkCliUtils - Error in setting up cli path directory, Exception: Unexpected token END OF FILE at position 0.
	at browserstack.shaded.org.json.simple.parser.JSONParser.parse(Unknown Source)
	at browserstack.shaded.org.json.simple.parser.JSONParser.parse(Unknown Source)
	at browserstack.shaded.org.json.simple.parser.JSONParser.parse(Unknown Source)
	at com.browserstack.v2.SdkCliUtils.checkAndUpdateCli(Unknown Source)
	at com.browserstack.v2.SdkCliUtils.setupCliPath(Unknown Source)
	at com.browserstack.v2.SdkCLI.<clinit>(Unknown Source)
	at com.browserstack.monitoring.PerformanceTester.measure(Unknown Source)
	at com.browserstack.monitoring.PerformanceTester.end(Unknown Source)
	at com.browserstack.testNgListeners.BrowserstackSuiteListener.a(Unknown Source)
	at com.browserstack.testNgListeners.BrowserstackSuiteListener.onStart(Unknown Source)
	at org.testng.SuiteRunner.invokeListeners(SuiteRunner.java:268)
	at org.testng.SuiteRunner.run(SuiteRunner.java:334)
	at org.testng.SuiteRunnerWorker.runSuite(SuiteRunnerWorker.java:52)
	at org.testng.SuiteRunnerWorker.run(SuiteRunnerWorker.java:95)
	at org.testng.TestNG.runSuitesSequentially(TestNG.java:1280)
	at org.testng.TestNG.runSuitesLocally(TestNG.java:1200)
	at org.testng.TestNG.runSuites(TestNG.java:1114)
	at org.testng.TestNG.run(TestNG.java:1082)
	at com.intellij.rt.testng.IDEARemoteTestNG.run(IDEARemoteTestNG.java:65)
	at com.intellij.rt.testng.RemoteTestNGStarter.main(RemoteTestNGStarter.java:105)

11:38:01.350 [main] DEBUG c.b.monitoring.PerformanceTester - Failed to append key metrics to file C:\Users\MOHAMMAD.RAFI\TestAutomation\projects\kabi\agi_KabiProject\log\key-metrics.json
11:38:02.538 [TestNG-test=All Web Tests-1] DEBUG c.browserstack.utils.CurrentTestMap - Searching for Test Run ID for Thread: 46
11:38:02.642 [TestNG-test=All Web Tests-1] DEBUG c.browserstack.utils.CurrentTestMap - Searching for Test Run ID for Thread: 46
11:38:02.667 [TestNG-test=All Web Tests-1] DEBUG c.browserstack.utils.CurrentTestMap - Searching for Test Run ID for Thread: 46
11:38:06.073 [TestNG-test=All Web Tests-1] DEBUG c.browserstack.utils.CurrentTestMap - Searching for Test Run ID for Thread: 46
11:38:06.096 [TestNG-test=All Web Tests-1] DEBUG c.browserstack.utils.CurrentTestMap - Searching for Test Run ID for Thread: 46
11:38:06.343 [TestNG-test=All Web Tests-1] DEBUG c.browserstack.utils.CurrentTestMap - Searching for Test Run ID for Thread: 46
11:38:06.565 [TestNG-test=All Web Tests-1] DEBUG c.browserstack.utils.CurrentTestMap - Searching for Test Run ID for Thread: 46
11:38:06.566 [TestNG-test=All Web Tests-1] DEBUG c.browserstack.utils.CurrentTestMap - Searching for Test Run ID for Thread: 46
11:38:06.568 [TestNG-test=All Web Tests-1] DEBUG c.browserstack.utils.CurrentTestMap - Searching for Test Run ID for Thread: 46
11:38:06.954 [TestNG-test=All Web Tests-1] DEBUG c.browserstack.utils.CurrentTestMap - Searching for Test Run ID for Thread: 46
11:38:08.275 [TestNG-test=All Web Tests-1] DEBUG c.browserstack.utils.CurrentTestMap - Searching for Test Run ID for Thread: 46
11:38:08.276 [TestNG-test=All Web Tests-1] DEBUG c.browserstack.utils.CurrentTestMap - Searching for Test Run ID for Thread: 46
11:38:08.277 [TestNG-test=All Web Tests-1] DEBUG c.browserstack.utils.CurrentTestMap - Searching for Test Run ID for Thread: 46
11:38:08.396 [TestNG-test=All Web Tests-1] DEBUG c.browserstack.utils.CurrentTestMap - Searching for Test Run ID for Thread: 46
11:38:10.075 [TestNG-test=All Web Tests-1] DEBUG c.browserstack.utils.CurrentTestMap - Searching for Test Run ID for Thread: 46
11:38:11.237 [TestNG-test=All Web Tests-1] DEBUG c.browserstack.utils.CurrentTestMap - Searching for Test Run ID for Thread: 46
11:38:11.430 [TestNG-test=All Web Tests-1] DEBUG c.browserstack.utils.CurrentTestMap - Searching for Test Run ID for Thread: 46
11:38:11.561 [TestNG-test=All Web Tests-1] DEBUG c.browserstack.utils.CurrentTestMap - Searching for Test Run ID for Thread: 46
11:38:12.209 [TestNG-test=All Web Tests-1] DEBUG c.browserstack.utils.CurrentTestMap - Searching for Test Run ID for Thread: 46
11:38:12.210 [TestNG-test=All Web Tests-1] DEBUG c.browserstack.utils.CurrentTestMap - Searching for Test Run ID for Thread: 46
11:38:14.528 [TestNG-test=All Web Tests-1] DEBUG c.browserstack.utils.CurrentTestMap - Searching for Test Run ID for Thread: 46
11:38:15.389 [TestNG-test=All Web Tests-1] DEBUG c.browserstack.utils.CurrentTestMap - Searching for Test Run ID for Thread: 46
11:38:17.461 [TestNG-test=All Web Tests-1] DEBUG c.browserstack.utils.CurrentTestMap - Searching for Test Run ID for Thread: 46
11:38:19.498 [TestNG-test=All Web Tests-1] DEBUG c.browserstack.utils.CurrentTestMap - Searching for Test Run ID for Thread: 46
11:38:21.587 [TestNG-test=All Web Tests-1] DEBUG c.browserstack.utils.CurrentTestMap - Searching for Test Run ID for Thread: 46
11:38:23.655 [TestNG-test=All Web Tests-1] DEBUG c.browserstack.utils.CurrentTestMap - Searching for Test Run ID for Thread: 46
11:38:25.735 [TestNG-test=All Web Tests-1] DEBUG c.browserstack.utils.CurrentTestMap - Searching for Test Run ID for Thread: 46
11:38:26.284 [TestNG-test=All Web Tests-1] DEBUG c.browserstack.utils.CurrentTestMap - Searching for Test Run ID for Thread: 46
11:38:26.286 [TestNG-test=All Web Tests-1] DEBUG c.browserstack.utils.CurrentTestMap - Searching for Test Run ID for Thread: 46
11:38:26.719 [TestNG-test=All Web Tests-1] DEBUG c.browserstack.utils.CurrentTestMap - Searching for Test Run ID for Thread: 46
11:38:26.877 [TestNG-test=All Web Tests-1] DEBUG c.browserstack.utils.CurrentTestMap - Searching for Test Run ID for Thread: 46
11:38:30.039 [TestNG-test=All Web Tests-1] DEBUG c.browserstack.utils.CurrentTestMap - Searching for Test Run ID for Thread: 46
11:38:30.042 [TestNG-test=All Web Tests-1] DEBUG c.browserstack.utils.CurrentTestMap - Searching for Test Run ID for Thread: 46
11:38:30.969 [main] DEBUG c.b.utils.FunnelInstrumentation - Error in getting Product:
java.lang.NullPointerException: Cannot invoke "String.equalsIgnoreCase(String)" because the return value of "com.browserstack.config.BrowserStackConfig.getFramework()" is null
	at com.browserstack.utils.FunnelInstrumentation.a(Unknown Source)
	at java.base/java.util.stream.MatchOps$1MatchSink.accept(MatchOps.java:90)
	at java.base/java.util.Spliterators$ArraySpliterator.tryAdvance(Spliterators.java:1034)
	at java.base/java.util.stream.ReferencePipeline.forEachWithCancel(ReferencePipeline.java:129)
	at java.base/java.util.stream.AbstractPipeline.copyIntoWithCancel(AbstractPipeline.java:527)
	at java.base/java.util.stream.AbstractPipeline.copyInto(AbstractPipeline.java:513)
	at java.base/java.util.stream.AbstractPipeline.wrapAndCopyInto(AbstractPipeline.java:499)
	at java.base/java.util.stream.MatchOps$MatchOp.evaluateSequential(MatchOps.java:230)
	at java.base/java.util.stream.MatchOps$MatchOp.evaluateSequential(MatchOps.java:196)
	at java.base/java.util.stream.AbstractPipeline.evaluate(AbstractPipeline.java:234)
	at java.base/java.util.stream.ReferencePipeline.anyMatch(ReferencePipeline.java:632)
	at com.browserstack.utils.FunnelInstrumentation.getProducts(Unknown Source)
	at com.browserstack.utils.FunnelInstrumentation.createParamsForEvent(Unknown Source)
	at com.browserstack.utils.FunnelInstrumentation.sendSDKEvent(Unknown Source)
	at com.browserstack.testNgListeners.TmpSuiteListener.onFinish(Unknown Source)
	at org.testng.TestRunner.fireEvent(TestRunner.java:986)
	at org.testng.TestRunner.afterRun(TestRunner.java:943)
	at org.testng.TestRunner.run(TestRunner.java:624)
	at org.testng.SuiteRunner.runTest(SuiteRunner.java:443)
	at org.testng.SuiteRunner.runSequentially(SuiteRunner.java:437)
	at org.testng.SuiteRunner.privateRun(SuiteRunner.java:397)
	at org.testng.SuiteRunner.run(SuiteRunner.java:336)
	at org.testng.SuiteRunnerWorker.runSuite(SuiteRunnerWorker.java:52)
	at org.testng.SuiteRunnerWorker.run(SuiteRunnerWorker.java:95)
	at org.testng.TestNG.runSuitesSequentially(TestNG.java:1280)
	at org.testng.TestNG.runSuitesLocally(TestNG.java:1200)
	at org.testng.TestNG.runSuites(TestNG.java:1114)
	at org.testng.TestNG.run(TestNG.java:1082)
	at com.intellij.rt.testng.IDEARemoteTestNG.run(IDEARemoteTestNG.java:65)
	at com.intellij.rt.testng.RemoteTestNGStarter.main(RemoteTestNGStarter.java:105)
11:38:30.995 [main] DEBUG c.b.utils.FrameworkDetectionUtils - Couldn't find dependency class: appium
11:38:31.071 [main] DEBUG com.browserstack.testOps.UsageStats - getFormattedData: Collecting data for TEST REPORTING AND ANALYTICS
11:38:31.190 [main] DEBUG c.b.utils.FunnelInstrumentation - Sending funnel data for SDKTestSuccessful with data: {"event_type":"SDKTestSuccessful","accessKey":"[REDACTED]","userName":"[REDACTED]","event_properties":{"isPercyAutoEnabled":false,"language":"java","sdkRunId":"1c0430ba-5d48-4ea2-9172-aee663f984e0","buildIdentifier":"unknown","testhub_uuid":"","detectedAppiumVersion":"null","productMap":{"app_automate":false,"accessibility":null,"automate":true,"percy":false,"observability":false,"turboscale":false},"hostname":"AGI018865","measures":{"sdk:pre-test":0.026300013065338135},"productUsage":{"testObservability":{"buildHashedId":"","manuallySet":false,"enabled":false}},"browserStackConfig":{"browserstackLocal":null,"percy":false,"logLevel":"info","staticWebDriver":true,"autoDetectFramework":true,"percyCaptureMode":"AUTO","browserStackLocalOptions":null,"percyOptions":null,"testContextOptions":{"skipSessionStatus":false,"serenityOverridePlugin":false,"skipSessionName":false},"platforms":null,"parallelsPerPlatform":null,"framework":null,"accessibility":false,"accessibilityOptions":{},"turboScaleOptions":{},"disableAutoCaptureLogs":true,"testObservability":true,"browserstackAutomation":true,"turboScale":false,"testObservabilityOptions":{},"gradleMConfig":null,"proxySettings":null},"automationFrameworkVersion":null,"percyBuildId":null,"product":"[automate]","buildName":"unknown","os":"Windows 11","languageVersion":"21.0.7","appiumVersion":"null","frameworkDetectionInstrumentation":{},"detectedDependencies":"","referrer":"unknown","locationTrigger":"onFinish","accessibilityConfiguration":{"pollingTimeout":30},"language_framework":"unknown","testOrchestration":{"abortBuildOnFailure":{"enabled":false},"retryTestsOnFailure":{"enabled":false},"userConfig":{}},"detectedSeleniumVersion":"4.15.0","automationFramework":"selenium","seleniumVersion":"null"}}
11:38:31.516 [main] DEBUG c.b.utils.FunnelInstrumentation - API Event SDKTestSuccessful, response: {"message":"Unauthorized"}
11:38:31.554 [main] DEBUG c.browserstack.utils.CurrentTestMap - Searching for Test Run ID for Thread: 1
11:38:32.524 [main] DEBUG c.b.monitoring.PerformanceTester - Failed to append key metrics to file C:\Users\MOHAMMAD.RAFI\TestAutomation\projects\kabi\agi_KabiProject\log\key-metrics.json
11:38:32.527 [main] DEBUG c.browserstack.utils.CurrentTestMap - Searching for Test Run ID for Thread: 1
