09:51:44.318 [AWT-EventQueue-0] INFO  c.b.sdk.actions.DisableBrowserStack - Setting disable browserstack run update
09:51:44.326 [AWT-EventQueue-0] INFO  c.b.sdk.actions.EnableBrowserStack - Setting enable browserstack run update
09:52:06.308 [AWT-EventQueue-0] INFO  c.b.sdk.actions.DisableBrowserStack - Setting disable browserstack run update
09:52:06.315 [AWT-EventQueue-0] INFO  c.b.sdk.actions.EnableBrowserStack - Setting enable browserstack run update
09:52:15.427 [AWT-EventQueue-0] INFO  c.b.sdk.actions.EnableBrowserStack - Setting enable browserstack run update
09:52:15.436 [AWT-EventQueue-0] INFO  c.b.sdk.actions.DisableBrowserStack - Setting disable browserstack run update
09:57:03.479 [AWT-EventQueue-0] INFO  c.b.sdk.actions.DisableBrowserStack - Setting disable browserstack run update
09:57:03.482 [AWT-EventQueue-0] INFO  c.b.sdk.actions.EnableBrowserStack - Setting enable browserstack run update
10:21:33.467 [AWT-EventQueue-0] INFO  c.b.sdk.actions.DisableBrowserStack - Setting disable browserstack run update
10:21:33.475 [AWT-EventQueue-0] INFO  c.b.sdk.actions.EnableBrowserStack - Setting enable browserstack run update
10:22:10.129 [AWT-EventQueue-0] INFO  c.b.sdk.launchers.LaunchMavenCommand - Integrate source: java:intellij:2.0.0-IC
10:22:10.129 [AWT-EventQueue-0] INFO  c.b.sdk.launchers.LaunchMavenCommand - Executing maven archetype command - browserstack-sdk-archetype-integrate
10:22:10.160 [ApplicationImpl pooled thread 296] INFO  c.b.s.l.BrowserStackRunExtension - maven
10:22:10.160 [ApplicationImpl pooled thread 296] INFO  com.browserstack.sdk.utils.Helpers - null
10:22:15.480 [java.exe] INFO  c.b.sdk.launchers.LaunchMavenCommand - Completed maven archetype command
10:24:36.218 [AWT-EventQueue-0] INFO  c.b.sdk.actions.DisableBrowserStack - Setting disable browserstack run update
10:24:36.219 [AWT-EventQueue-0] INFO  com.browserstack.sdk.utils.Helpers - C:/Users/MOHAMMAD.RAFI/.m2/repository/com/browserstack/browserstack-java-sdk/1.40.3/browserstack-java-sdk-1.40.3.jar
10:24:36.219 [AWT-EventQueue-0] INFO  com.browserstack.sdk.utils.Helpers - true
10:24:36.225 [AWT-EventQueue-0] INFO  c.b.sdk.actions.EnableBrowserStack - Setting enable browserstack run update
10:24:36.226 [AWT-EventQueue-0] INFO  com.browserstack.sdk.utils.Helpers - C:/Users/MOHAMMAD.RAFI/.m2/repository/com/browserstack/browserstack-java-sdk/1.40.3/browserstack-java-sdk-1.40.3.jar
10:24:36.226 [AWT-EventQueue-0] INFO  com.browserstack.sdk.utils.Helpers - true
10:24:41.574 [AWT-EventQueue-0] INFO  c.b.sdk.actions.DisableBrowserStack - Disabling BrowserStack Run
10:24:41.576 [AWT-EventQueue-0] INFO  com.browserstack.sdk.utils.Helpers - setting browserstack enabled to false
10:26:34.996 [ApplicationImpl pooled thread 307] INFO  c.b.s.l.BrowserStackRunExtension - maven
10:26:34.996 [ApplicationImpl pooled thread 307] INFO  com.browserstack.sdk.utils.Helpers - false
10:27:10.034 [ApplicationImpl pooled thread 298] INFO  c.b.s.l.BrowserStackRunExtension - testng
10:27:10.035 [ApplicationImpl pooled thread 298] INFO  com.browserstack.sdk.utils.Helpers - false
11:37:55.856 [ApplicationImpl pooled thread 378] INFO  c.b.s.l.BrowserStackRunExtension - testng
11:37:55.857 [ApplicationImpl pooled thread 378] INFO  com.browserstack.sdk.utils.Helpers - false
14:59:29.622 [ApplicationImpl pooled thread 493] INFO  c.b.s.l.BrowserStackRunExtension - testng
14:59:29.622 [ApplicationImpl pooled thread 493] INFO  com.browserstack.sdk.utils.Helpers - false
15:07:15.257 [ApplicationImpl pooled thread 508] INFO  c.b.s.l.BrowserStackRunExtension - testng
15:07:15.257 [ApplicationImpl pooled thread 508] INFO  com.browserstack.sdk.utils.Helpers - false
15:08:59.090 [ApplicationImpl pooled thread 501] INFO  c.b.s.l.BrowserStackRunExtension - maven
15:08:59.091 [ApplicationImpl pooled thread 501] INFO  com.browserstack.sdk.utils.Helpers - false
15:09:42.703 [ApplicationImpl pooled thread 501] INFO  c.b.s.l.BrowserStackRunExtension - testng
15:09:42.703 [ApplicationImpl pooled thread 501] INFO  com.browserstack.sdk.utils.Helpers - false
15:12:29.841 [ApplicationImpl pooled thread 511] INFO  c.b.s.l.BrowserStackRunExtension - maven
15:12:29.841 [ApplicationImpl pooled thread 511] INFO  com.browserstack.sdk.utils.Helpers - false
15:13:51.360 [ApplicationImpl pooled thread 499] INFO  c.b.s.l.BrowserStackRunExtension - testng
15:13:51.361 [ApplicationImpl pooled thread 499] INFO  com.browserstack.sdk.utils.Helpers - false
15:16:06.917 [ApplicationImpl pooled thread 521] INFO  c.b.s.l.BrowserStackRunExtension - testng
15:16:06.917 [ApplicationImpl pooled thread 521] INFO  com.browserstack.sdk.utils.Helpers - false
15:22:47.190 [ApplicationImpl pooled thread 523] INFO  c.b.s.l.BrowserStackRunExtension - testng
15:22:47.190 [ApplicationImpl pooled thread 523] INFO  com.browserstack.sdk.utils.Helpers - false
15:29:34.985 [ApplicationImpl pooled thread 535] INFO  c.b.s.l.BrowserStackRunExtension - testng
15:29:34.985 [ApplicationImpl pooled thread 535] INFO  com.browserstack.sdk.utils.Helpers - false
17:19:26.866 [ApplicationImpl pooled thread 587] INFO  c.b.s.l.BrowserStackRunExtension - testng
17:19:26.866 [ApplicationImpl pooled thread 587] INFO  com.browserstack.sdk.utils.Helpers - false
17:37:20.663 [ApplicationImpl pooled thread 613] INFO  c.b.s.l.BrowserStackRunExtension - maven
17:37:20.663 [ApplicationImpl pooled thread 613] INFO  com.browserstack.sdk.utils.Helpers - false
17:37:51.778 [ApplicationImpl pooled thread 611] INFO  c.b.s.l.BrowserStackRunExtension - testng
17:37:51.779 [ApplicationImpl pooled thread 611] INFO  com.browserstack.sdk.utils.Helpers - false
17:38:13.356 [ApplicationImpl pooled thread 613] INFO  c.b.s.l.BrowserStackRunExtension - testng
17:38:13.357 [ApplicationImpl pooled thread 613] INFO  com.browserstack.sdk.utils.Helpers - false
17:39:01.399 [ApplicationImpl pooled thread 618] INFO  c.b.s.l.BrowserStackRunExtension - testng
17:39:01.399 [ApplicationImpl pooled thread 618] INFO  com.browserstack.sdk.utils.Helpers - false
17:42:40.550 [ApplicationImpl pooled thread 613] INFO  c.b.s.l.BrowserStackRunExtension - testng
17:42:40.550 [ApplicationImpl pooled thread 613] INFO  com.browserstack.sdk.utils.Helpers - false
17:45:15.960 [ApplicationImpl pooled thread 624] INFO  c.b.s.l.BrowserStackRunExtension - maven
17:45:15.960 [ApplicationImpl pooled thread 624] INFO  com.browserstack.sdk.utils.Helpers - false
17:45:27.169 [ApplicationImpl pooled thread 646] INFO  c.b.s.l.BrowserStackRunExtension - testng
17:45:27.169 [ApplicationImpl pooled thread 646] INFO  com.browserstack.sdk.utils.Helpers - false
17:49:46.239 [ApplicationImpl pooled thread 646] INFO  c.b.s.l.BrowserStackRunExtension - testng
17:49:46.239 [ApplicationImpl pooled thread 646] INFO  com.browserstack.sdk.utils.Helpers - false
17:57:43.622 [ApplicationImpl pooled thread 661] INFO  c.b.s.l.BrowserStackRunExtension - testng
17:57:43.622 [ApplicationImpl pooled thread 661] INFO  com.browserstack.sdk.utils.Helpers - false
17:58:17.065 [ApplicationImpl pooled thread 654] INFO  c.b.s.l.BrowserStackRunExtension - testng
17:58:17.065 [ApplicationImpl pooled thread 654] INFO  com.browserstack.sdk.utils.Helpers - false
17:58:59.249 [ApplicationImpl pooled thread 661] INFO  c.b.s.l.BrowserStackRunExtension - testng
17:58:59.250 [ApplicationImpl pooled thread 661] INFO  com.browserstack.sdk.utils.Helpers - false
17:59:20.265 [ApplicationImpl pooled thread 660] INFO  c.b.s.l.BrowserStackRunExtension - testng
17:59:20.265 [ApplicationImpl pooled thread 660] INFO  com.browserstack.sdk.utils.Helpers - false
18:01:19.046 [ApplicationImpl pooled thread 663] INFO  c.b.s.l.BrowserStackRunExtension - testng
18:01:19.046 [ApplicationImpl pooled thread 663] INFO  com.browserstack.sdk.utils.Helpers - false
18:01:28.384 [ApplicationImpl pooled thread 661] INFO  c.b.s.l.BrowserStackRunExtension - testng
18:01:28.384 [ApplicationImpl pooled thread 661] INFO  com.browserstack.sdk.utils.Helpers - false
18:01:45.071 [ApplicationImpl pooled thread 662] INFO  c.b.s.l.BrowserStackRunExtension - testng
18:01:45.071 [ApplicationImpl pooled thread 662] INFO  com.browserstack.sdk.utils.Helpers - false
11:55:55.190 [ApplicationImpl pooled thread 753] INFO  c.b.s.l.BrowserStackRunExtension - maven
11:55:55.191 [ApplicationImpl pooled thread 753] INFO  com.browserstack.sdk.utils.Helpers - false
11:56:12.392 [ApplicationImpl pooled thread 756] INFO  c.b.s.l.BrowserStackRunExtension - testng
11:56:12.392 [ApplicationImpl pooled thread 756] INFO  com.browserstack.sdk.utils.Helpers - false
11:58:14.977 [ApplicationImpl pooled thread 765] INFO  c.b.s.l.BrowserStackRunExtension - testng
11:58:14.978 [ApplicationImpl pooled thread 765] INFO  com.browserstack.sdk.utils.Helpers - false
12:00:01.819 [ApplicationImpl pooled thread 753] INFO  c.b.s.l.BrowserStackRunExtension - testng
12:00:01.819 [ApplicationImpl pooled thread 753] INFO  com.browserstack.sdk.utils.Helpers - false
12:00:15.862 [ApplicationImpl pooled thread 760] INFO  c.b.s.l.BrowserStackRunExtension - testng
12:00:15.862 [ApplicationImpl pooled thread 760] INFO  com.browserstack.sdk.utils.Helpers - false
11:19:10.536 [ApplicationImpl pooled thread 1106] INFO  c.b.s.l.BrowserStackRunExtension - maven
11:19:10.537 [ApplicationImpl pooled thread 1106] INFO  com.browserstack.sdk.utils.Helpers - false
13:09:51.420 [ApplicationImpl pooled thread 1206] INFO  c.b.s.l.BrowserStackRunExtension - maven
13:09:51.421 [ApplicationImpl pooled thread 1206] INFO  com.browserstack.sdk.utils.Helpers - false
13:10:29.663 [ApplicationImpl pooled thread 1205] INFO  c.b.s.l.BrowserStackRunExtension - testng
13:10:29.663 [ApplicationImpl pooled thread 1205] INFO  com.browserstack.sdk.utils.Helpers - false
13:11:13.259 [ApplicationImpl pooled thread 1214] INFO  c.b.s.l.BrowserStackRunExtension - testng
13:11:13.259 [ApplicationImpl pooled thread 1214] INFO  com.browserstack.sdk.utils.Helpers - false
13:16:06.741 [ApplicationImpl pooled thread 1216] INFO  c.b.s.l.BrowserStackRunExtension - testng
13:16:06.741 [ApplicationImpl pooled thread 1216] INFO  com.browserstack.sdk.utils.Helpers - false
13:16:31.754 [ApplicationImpl pooled thread 1210] INFO  c.b.s.l.BrowserStackRunExtension - testng
13:16:31.754 [ApplicationImpl pooled thread 1210] INFO  com.browserstack.sdk.utils.Helpers - false
13:17:01.297 [ApplicationImpl pooled thread 1221] INFO  c.b.s.l.BrowserStackRunExtension - testng
13:17:01.297 [ApplicationImpl pooled thread 1221] INFO  com.browserstack.sdk.utils.Helpers - false
13:17:21.681 [ApplicationImpl pooled thread 1222] INFO  c.b.s.l.BrowserStackRunExtension - testng
13:17:21.681 [ApplicationImpl pooled thread 1222] INFO  com.browserstack.sdk.utils.Helpers - false
13:17:36.620 [ApplicationImpl pooled thread 1223] INFO  c.b.s.l.BrowserStackRunExtension - maven
13:17:36.621 [ApplicationImpl pooled thread 1223] INFO  com.browserstack.sdk.utils.Helpers - false
13:20:31.840 [ApplicationImpl pooled thread 1223] INFO  c.b.s.l.BrowserStackRunExtension - testng
13:20:31.841 [ApplicationImpl pooled thread 1223] INFO  com.browserstack.sdk.utils.Helpers - false
13:21:30.868 [ApplicationImpl pooled thread 1226] INFO  c.b.s.l.BrowserStackRunExtension - testng
13:21:30.868 [ApplicationImpl pooled thread 1226] INFO  com.browserstack.sdk.utils.Helpers - false
13:27:10.963 [ApplicationImpl pooled thread 1] INFO  c.b.s.l.BrowserStackRunExtension - testng
13:27:10.968 [ApplicationImpl pooled thread 1] INFO  com.browserstack.sdk.utils.Helpers - false
13:31:11.121 [ApplicationImpl pooled thread 18] INFO  c.b.s.l.BrowserStackRunExtension - testng
13:31:11.122 [ApplicationImpl pooled thread 18] INFO  com.browserstack.sdk.utils.Helpers - false
13:32:22.583 [ApplicationImpl pooled thread 18] INFO  c.b.s.l.BrowserStackRunExtension - testng
13:32:22.583 [ApplicationImpl pooled thread 18] INFO  com.browserstack.sdk.utils.Helpers - false
13:33:46.627 [ApplicationImpl pooled thread 2] INFO  c.b.s.l.BrowserStackRunExtension - testng
13:33:46.627 [ApplicationImpl pooled thread 2] INFO  com.browserstack.sdk.utils.Helpers - false
13:40:16.258 [ApplicationImpl pooled thread 26] INFO  c.b.s.l.BrowserStackRunExtension - testng
13:40:16.258 [ApplicationImpl pooled thread 26] INFO  com.browserstack.sdk.utils.Helpers - false
13:43:31.248 [ApplicationImpl pooled thread 31] INFO  c.b.s.l.BrowserStackRunExtension - testng
13:43:31.248 [ApplicationImpl pooled thread 31] INFO  com.browserstack.sdk.utils.Helpers - false
13:44:08.152 [ApplicationImpl pooled thread 40] INFO  c.b.s.l.BrowserStackRunExtension - testng
13:44:08.153 [ApplicationImpl pooled thread 40] INFO  com.browserstack.sdk.utils.Helpers - false
15:08:22.324 [ApplicationImpl pooled thread 66] INFO  c.b.s.l.BrowserStackRunExtension - testng
15:08:22.324 [ApplicationImpl pooled thread 66] INFO  com.browserstack.sdk.utils.Helpers - false
15:10:19.010 [ApplicationImpl pooled thread 65] INFO  c.b.s.l.BrowserStackRunExtension - testng
15:10:19.010 [ApplicationImpl pooled thread 65] INFO  com.browserstack.sdk.utils.Helpers - false
15:11:56.909 [ApplicationImpl pooled thread 65] INFO  c.b.s.l.BrowserStackRunExtension - testng
15:11:56.909 [ApplicationImpl pooled thread 65] INFO  com.browserstack.sdk.utils.Helpers - false
15:13:04.495 [ApplicationImpl pooled thread 66] INFO  c.b.s.l.BrowserStackRunExtension - testng
15:13:04.495 [ApplicationImpl pooled thread 66] INFO  com.browserstack.sdk.utils.Helpers - false
15:17:12.465 [ApplicationImpl pooled thread 80] INFO  c.b.s.l.BrowserStackRunExtension - testng
15:17:12.466 [ApplicationImpl pooled thread 80] INFO  com.browserstack.sdk.utils.Helpers - false
15:18:19.559 [ApplicationImpl pooled thread 81] INFO  c.b.s.l.BrowserStackRunExtension - testng
15:18:19.559 [ApplicationImpl pooled thread 81] INFO  com.browserstack.sdk.utils.Helpers - false
15:19:46.872 [ApplicationImpl pooled thread 66] INFO  c.b.s.l.BrowserStackRunExtension - testng
15:19:46.872 [ApplicationImpl pooled thread 66] INFO  com.browserstack.sdk.utils.Helpers - false
15:20:41.246 [ApplicationImpl pooled thread 81] INFO  c.b.s.l.BrowserStackRunExtension - testng
15:20:41.246 [ApplicationImpl pooled thread 81] INFO  com.browserstack.sdk.utils.Helpers - false
15:21:55.453 [ApplicationImpl pooled thread 90] INFO  c.b.s.l.BrowserStackRunExtension - testng
15:21:55.453 [ApplicationImpl pooled thread 90] INFO  com.browserstack.sdk.utils.Helpers - false
09:43:28.011 [ApplicationImpl pooled thread 343] INFO  c.b.s.l.BrowserStackRunExtension - maven
09:43:28.011 [ApplicationImpl pooled thread 343] INFO  com.browserstack.sdk.utils.Helpers - false
09:43:55.519 [ApplicationImpl pooled thread 346] INFO  c.b.s.l.BrowserStackRunExtension - testng
09:43:55.520 [ApplicationImpl pooled thread 346] INFO  com.browserstack.sdk.utils.Helpers - false
09:50:59.115 [ApplicationImpl pooled thread 348] INFO  c.b.s.l.BrowserStackRunExtension - testng
09:50:59.115 [ApplicationImpl pooled thread 348] INFO  com.browserstack.sdk.utils.Helpers - false
09:51:15.159 [ApplicationImpl pooled thread 349] INFO  c.b.s.l.BrowserStackRunExtension - testng
09:51:15.159 [ApplicationImpl pooled thread 349] INFO  com.browserstack.sdk.utils.Helpers - false
09:51:47.400 [ApplicationImpl pooled thread 355] INFO  c.b.s.l.BrowserStackRunExtension - testng
09:51:47.400 [ApplicationImpl pooled thread 355] INFO  com.browserstack.sdk.utils.Helpers - false
10:12:14.243 [ApplicationImpl pooled thread 377] INFO  c.b.s.l.BrowserStackRunExtension - testng
10:12:14.245 [ApplicationImpl pooled thread 377] INFO  com.browserstack.sdk.utils.Helpers - false
10:19:29.991 [ApplicationImpl pooled thread 370] INFO  c.b.s.l.BrowserStackRunExtension - testng
10:19:29.991 [ApplicationImpl pooled thread 370] INFO  com.browserstack.sdk.utils.Helpers - false
10:54:14.109 [ApplicationImpl pooled thread 430] INFO  c.b.s.l.BrowserStackRunExtension - maven
10:54:14.109 [ApplicationImpl pooled thread 430] INFO  com.browserstack.sdk.utils.Helpers - false
10:54:35.195 [ApplicationImpl pooled thread 438] INFO  c.b.s.l.BrowserStackRunExtension - testng
10:54:35.195 [ApplicationImpl pooled thread 438] INFO  com.browserstack.sdk.utils.Helpers - false
12:40:32.707 [ApplicationImpl pooled thread 539] INFO  c.b.s.l.BrowserStackRunExtension - maven
12:40:32.707 [ApplicationImpl pooled thread 539] INFO  com.browserstack.sdk.utils.Helpers - false
12:40:43.992 [ApplicationImpl pooled thread 533] INFO  c.b.s.l.BrowserStackRunExtension - testng
12:40:43.992 [ApplicationImpl pooled thread 533] INFO  com.browserstack.sdk.utils.Helpers - false
14:21:24.840 [ApplicationImpl pooled thread 605] INFO  c.b.s.l.BrowserStackRunExtension - testng
14:21:24.840 [ApplicationImpl pooled thread 605] INFO  com.browserstack.sdk.utils.Helpers - false
15:00:05.253 [ApplicationImpl pooled thread 627] INFO  c.b.s.l.BrowserStackRunExtension - testng
15:00:05.254 [ApplicationImpl pooled thread 627] INFO  com.browserstack.sdk.utils.Helpers - false
17:08:20.124 [ApplicationImpl pooled thread 687] INFO  c.b.s.l.BrowserStackRunExtension - testng
17:08:20.124 [ApplicationImpl pooled thread 687] INFO  com.browserstack.sdk.utils.Helpers - false
17:28:52.926 [ApplicationImpl pooled thread 1050] INFO  c.b.s.l.BrowserStackRunExtension - testng
17:28:52.928 [ApplicationImpl pooled thread 1050] INFO  com.browserstack.sdk.utils.Helpers - false
17:34:07.051 [ApplicationImpl pooled thread 1060] INFO  c.b.s.l.BrowserStackRunExtension - testng
17:34:07.051 [ApplicationImpl pooled thread 1060] INFO  com.browserstack.sdk.utils.Helpers - false
17:40:40.905 [ApplicationImpl pooled thread 1075] INFO  c.b.s.l.BrowserStackRunExtension - testng
17:40:40.905 [ApplicationImpl pooled thread 1075] INFO  com.browserstack.sdk.utils.Helpers - false
17:42:27.109 [ApplicationImpl pooled thread 1083] INFO  c.b.s.l.BrowserStackRunExtension - testng
17:42:27.109 [ApplicationImpl pooled thread 1083] INFO  com.browserstack.sdk.utils.Helpers - false
17:43:33.064 [ApplicationImpl pooled thread 1084] INFO  c.b.s.l.BrowserStackRunExtension - testng
17:43:33.064 [ApplicationImpl pooled thread 1084] INFO  com.browserstack.sdk.utils.Helpers - false
09:19:39.395 [ApplicationImpl pooled thread 1147] INFO  c.b.s.l.BrowserStackRunExtension - testng
09:19:39.395 [ApplicationImpl pooled thread 1147] INFO  com.browserstack.sdk.utils.Helpers - false
09:26:55.143 [ApplicationImpl pooled thread 1150] INFO  c.b.s.l.BrowserStackRunExtension - testng
09:26:55.143 [ApplicationImpl pooled thread 1150] INFO  com.browserstack.sdk.utils.Helpers - false
10:11:09.791 [ApplicationImpl pooled thread 1205] INFO  c.b.s.l.BrowserStackRunExtension - testng
10:11:09.793 [ApplicationImpl pooled thread 1205] INFO  com.browserstack.sdk.utils.Helpers - false
10:44:15.439 [ApplicationImpl pooled thread 1233] INFO  c.b.s.l.BrowserStackRunExtension - testng
10:44:15.439 [ApplicationImpl pooled thread 1233] INFO  com.browserstack.sdk.utils.Helpers - false
11:02:16.078 [ApplicationImpl pooled thread 1260] INFO  c.b.s.l.BrowserStackRunExtension - testng
11:02:16.078 [ApplicationImpl pooled thread 1260] INFO  com.browserstack.sdk.utils.Helpers - false
11:52:21.716 [ApplicationImpl pooled thread 1328] INFO  c.b.s.l.BrowserStackRunExtension - maven
11:52:21.716 [ApplicationImpl pooled thread 1328] INFO  com.browserstack.sdk.utils.Helpers - false
11:52:38.157 [ApplicationImpl pooled thread 1294] INFO  c.b.s.l.BrowserStackRunExtension - testng
11:52:38.157 [ApplicationImpl pooled thread 1294] INFO  com.browserstack.sdk.utils.Helpers - false
12:10:12.678 [ApplicationImpl pooled thread 1358] INFO  c.b.s.l.BrowserStackRunExtension - testng
12:10:12.678 [ApplicationImpl pooled thread 1358] INFO  com.browserstack.sdk.utils.Helpers - false
12:17:50.992 [ApplicationImpl pooled thread 1353] INFO  c.b.s.l.BrowserStackRunExtension - testng
12:17:50.992 [ApplicationImpl pooled thread 1353] INFO  com.browserstack.sdk.utils.Helpers - false
15:28:41.030 [ApplicationImpl pooled thread 1520] INFO  c.b.s.l.BrowserStackRunExtension - testng
15:28:41.030 [ApplicationImpl pooled thread 1520] INFO  com.browserstack.sdk.utils.Helpers - false
15:38:48.089 [ApplicationImpl pooled thread 1517] INFO  c.b.s.l.BrowserStackRunExtension - testng
15:38:48.089 [ApplicationImpl pooled thread 1517] INFO  com.browserstack.sdk.utils.Helpers - false
15:40:42.946 [ApplicationImpl pooled thread 1517] INFO  c.b.s.l.BrowserStackRunExtension - testng
15:40:42.946 [ApplicationImpl pooled thread 1517] INFO  com.browserstack.sdk.utils.Helpers - false
15:42:55.645 [ApplicationImpl pooled thread 1544] INFO  c.b.s.l.BrowserStackRunExtension - testng
15:42:55.645 [ApplicationImpl pooled thread 1544] INFO  com.browserstack.sdk.utils.Helpers - false
15:46:48.257 [ApplicationImpl pooled thread 1542] INFO  c.b.s.l.BrowserStackRunExtension - testng
15:46:48.257 [ApplicationImpl pooled thread 1542] INFO  com.browserstack.sdk.utils.Helpers - false
09:38:05.256 [ApplicationImpl pooled thread 1675] INFO  c.b.s.l.BrowserStackRunExtension - maven
09:38:05.268 [ApplicationImpl pooled thread 1675] INFO  com.browserstack.sdk.utils.Helpers - false
09:40:36.208 [ApplicationImpl pooled thread 1675] INFO  c.b.s.l.BrowserStackRunExtension - maven
09:40:36.208 [ApplicationImpl pooled thread 1675] INFO  com.browserstack.sdk.utils.Helpers - false
09:42:17.318 [ApplicationImpl pooled thread 1679] INFO  c.b.s.l.BrowserStackRunExtension - maven
09:42:17.318 [ApplicationImpl pooled thread 1679] INFO  com.browserstack.sdk.utils.Helpers - false
09:43:36.821 [ApplicationImpl pooled thread 1692] INFO  c.b.s.l.BrowserStackRunExtension - testng
09:43:36.821 [ApplicationImpl pooled thread 1692] INFO  com.browserstack.sdk.utils.Helpers - false
09:51:03.751 [ApplicationImpl pooled thread 1706] INFO  c.b.s.l.BrowserStackRunExtension - testng
09:51:03.751 [ApplicationImpl pooled thread 1706] INFO  com.browserstack.sdk.utils.Helpers - false
09:55:23.995 [ApplicationImpl pooled thread 1710] INFO  c.b.s.l.BrowserStackRunExtension - testng
09:55:23.995 [ApplicationImpl pooled thread 1710] INFO  com.browserstack.sdk.utils.Helpers - false
10:00:58.087 [ApplicationImpl pooled thread 7] INFO  c.b.s.l.BrowserStackRunExtension - testng
10:00:58.096 [ApplicationImpl pooled thread 7] INFO  com.browserstack.sdk.utils.Helpers - false
10:07:00.727 [ApplicationImpl pooled thread 5] INFO  c.b.s.l.BrowserStackRunExtension - testng
10:07:00.727 [ApplicationImpl pooled thread 5] INFO  com.browserstack.sdk.utils.Helpers - false
10:08:28.132 [ApplicationImpl pooled thread 28] INFO  c.b.s.l.BrowserStackRunExtension - testng
10:08:28.132 [ApplicationImpl pooled thread 28] INFO  com.browserstack.sdk.utils.Helpers - false
10:10:27.255 [ApplicationImpl pooled thread 17] INFO  c.b.s.l.BrowserStackRunExtension - testng
10:10:27.255 [ApplicationImpl pooled thread 17] INFO  com.browserstack.sdk.utils.Helpers - false
15:20:54.434 [ApplicationImpl pooled thread 736] INFO  c.b.s.l.BrowserStackRunExtension - testng
15:20:54.437 [ApplicationImpl pooled thread 736] INFO  com.browserstack.sdk.utils.Helpers - false
15:21:24.425 [ApplicationImpl pooled thread 725] INFO  c.b.s.l.BrowserStackRunExtension - testng
15:21:24.425 [ApplicationImpl pooled thread 725] INFO  com.browserstack.sdk.utils.Helpers - false
09:25:17.962 [ApplicationImpl pooled thread 813] INFO  c.b.s.l.BrowserStackRunExtension - testng
09:25:17.962 [ApplicationImpl pooled thread 813] INFO  com.browserstack.sdk.utils.Helpers - false
10:28:06.495 [ApplicationImpl pooled thread 873] INFO  c.b.s.l.BrowserStackRunExtension - maven
10:28:06.495 [ApplicationImpl pooled thread 873] INFO  com.browserstack.sdk.utils.Helpers - false
10:30:56.920 [ApplicationImpl pooled thread 872] INFO  c.b.s.l.BrowserStackRunExtension - testng
10:30:56.921 [ApplicationImpl pooled thread 872] INFO  com.browserstack.sdk.utils.Helpers - false
10:41:23.830 [ApplicationImpl pooled thread 899] INFO  c.b.s.l.BrowserStackRunExtension - testng
10:41:23.830 [ApplicationImpl pooled thread 899] INFO  com.browserstack.sdk.utils.Helpers - false
10:49:24.851 [ApplicationImpl pooled thread 919] INFO  c.b.s.l.BrowserStackRunExtension - testng
10:49:24.851 [ApplicationImpl pooled thread 919] INFO  com.browserstack.sdk.utils.Helpers - false
11:10:51.086 [ApplicationImpl pooled thread 937] INFO  c.b.s.l.BrowserStackRunExtension - testng
11:10:51.086 [ApplicationImpl pooled thread 937] INFO  com.browserstack.sdk.utils.Helpers - false
11:14:02.912 [ApplicationImpl pooled thread 950] INFO  c.b.s.l.BrowserStackRunExtension - testng
11:14:02.912 [ApplicationImpl pooled thread 950] INFO  com.browserstack.sdk.utils.Helpers - false
11:15:30.025 [ApplicationImpl pooled thread 952] INFO  c.b.s.l.BrowserStackRunExtension - testng
11:15:30.025 [ApplicationImpl pooled thread 952] INFO  com.browserstack.sdk.utils.Helpers - false
11:16:09.619 [ApplicationImpl pooled thread 951] INFO  c.b.s.l.BrowserStackRunExtension - maven
11:16:09.619 [ApplicationImpl pooled thread 951] INFO  com.browserstack.sdk.utils.Helpers - false
11:17:11.338 [ApplicationImpl pooled thread 955] INFO  c.b.s.l.BrowserStackRunExtension - testng
11:17:11.338 [ApplicationImpl pooled thread 955] INFO  com.browserstack.sdk.utils.Helpers - false
11:18:57.076 [ApplicationImpl pooled thread 954] INFO  c.b.s.l.BrowserStackRunExtension - testng
11:18:57.076 [ApplicationImpl pooled thread 954] INFO  com.browserstack.sdk.utils.Helpers - false
11:20:17.586 [ApplicationImpl pooled thread 963] INFO  c.b.s.l.BrowserStackRunExtension - testng
11:20:17.586 [ApplicationImpl pooled thread 963] INFO  com.browserstack.sdk.utils.Helpers - false
11:48:33.395 [ApplicationImpl pooled thread 998] INFO  c.b.s.l.BrowserStackRunExtension - testng
11:48:33.395 [ApplicationImpl pooled thread 998] INFO  com.browserstack.sdk.utils.Helpers - false
12:10:53.925 [ApplicationImpl pooled thread 1038] INFO  c.b.s.l.BrowserStackRunExtension - maven
12:10:53.925 [ApplicationImpl pooled thread 1038] INFO  com.browserstack.sdk.utils.Helpers - false
12:11:09.650 [ApplicationImpl pooled thread 1037] INFO  c.b.s.l.BrowserStackRunExtension - testng
12:11:09.653 [ApplicationImpl pooled thread 1037] INFO  com.browserstack.sdk.utils.Helpers - false
12:16:28.446 [ApplicationImpl pooled thread 1047] INFO  c.b.s.l.BrowserStackRunExtension - testng
12:16:28.446 [ApplicationImpl pooled thread 1047] INFO  com.browserstack.sdk.utils.Helpers - false
12:18:21.497 [ApplicationImpl pooled thread 1047] INFO  c.b.s.l.BrowserStackRunExtension - testng
12:18:21.498 [ApplicationImpl pooled thread 1047] INFO  com.browserstack.sdk.utils.Helpers - false
12:27:26.757 [ApplicationImpl pooled thread 1066] INFO  c.b.s.l.BrowserStackRunExtension - testng
12:27:26.757 [ApplicationImpl pooled thread 1066] INFO  com.browserstack.sdk.utils.Helpers - false
15:04:17.912 [ApplicationImpl pooled thread 1172] INFO  c.b.s.l.BrowserStackRunExtension - maven
15:04:17.912 [ApplicationImpl pooled thread 1172] INFO  com.browserstack.sdk.utils.Helpers - false
15:04:36.166 [ApplicationImpl pooled thread 1176] INFO  c.b.s.l.BrowserStackRunExtension - testng
15:04:36.166 [ApplicationImpl pooled thread 1176] INFO  com.browserstack.sdk.utils.Helpers - false
15:06:15.408 [ApplicationImpl pooled thread 1179] INFO  c.b.s.l.BrowserStackRunExtension - maven
15:06:15.408 [ApplicationImpl pooled thread 1179] INFO  com.browserstack.sdk.utils.Helpers - false
15:06:44.691 [ApplicationImpl pooled thread 1182] INFO  c.b.s.l.BrowserStackRunExtension - testng
15:06:44.691 [ApplicationImpl pooled thread 1182] INFO  com.browserstack.sdk.utils.Helpers - false
15:08:26.289 [ApplicationImpl pooled thread 1168] INFO  c.b.s.l.BrowserStackRunExtension - testng
15:08:26.289 [ApplicationImpl pooled thread 1168] INFO  com.browserstack.sdk.utils.Helpers - false
15:10:02.689 [ApplicationImpl pooled thread 1191] INFO  c.b.s.l.BrowserStackRunExtension - testng
15:10:02.689 [ApplicationImpl pooled thread 1191] INFO  com.browserstack.sdk.utils.Helpers - false
15:10:23.109 [ApplicationImpl pooled thread 1197] INFO  c.b.s.l.BrowserStackRunExtension - maven
15:10:23.109 [ApplicationImpl pooled thread 1197] INFO  com.browserstack.sdk.utils.Helpers - false
15:10:37.335 [ApplicationImpl pooled thread 1197] INFO  c.b.s.l.BrowserStackRunExtension - testng
15:10:37.335 [ApplicationImpl pooled thread 1197] INFO  com.browserstack.sdk.utils.Helpers - false
15:14:42.895 [ApplicationImpl pooled thread 1194] INFO  c.b.s.l.BrowserStackRunExtension - testng
15:14:42.895 [ApplicationImpl pooled thread 1194] INFO  com.browserstack.sdk.utils.Helpers - false
15:16:47.115 [ApplicationImpl pooled thread 1214] INFO  c.b.s.l.BrowserStackRunExtension - testng
15:16:47.115 [ApplicationImpl pooled thread 1214] INFO  com.browserstack.sdk.utils.Helpers - false
15:30:32.350 [ApplicationImpl pooled thread 1195] INFO  c.b.s.l.BrowserStackRunExtension - testng
15:30:32.350 [ApplicationImpl pooled thread 1195] INFO  com.browserstack.sdk.utils.Helpers - false
10:36:45.767 [ApplicationImpl pooled thread 1384] INFO  c.b.s.l.BrowserStackRunExtension - testng
10:36:45.769 [ApplicationImpl pooled thread 1384] INFO  com.browserstack.sdk.utils.Helpers - false
14:23:23.844 [ApplicationImpl pooled thread 1595] INFO  c.b.s.l.BrowserStackRunExtension - maven
14:23:23.844 [ApplicationImpl pooled thread 1595] INFO  com.browserstack.sdk.utils.Helpers - false
14:24:03.269 [ApplicationImpl pooled thread 1594] INFO  c.b.s.l.BrowserStackRunExtension - testng
14:24:03.269 [ApplicationImpl pooled thread 1594] INFO  com.browserstack.sdk.utils.Helpers - false
14:29:41.869 [ApplicationImpl pooled thread 1610] INFO  c.b.s.l.BrowserStackRunExtension - maven
14:29:41.869 [ApplicationImpl pooled thread 1610] INFO  com.browserstack.sdk.utils.Helpers - false
14:31:53.663 [ApplicationImpl pooled thread 1613] INFO  c.b.s.l.BrowserStackRunExtension - testng
14:31:53.664 [ApplicationImpl pooled thread 1613] INFO  com.browserstack.sdk.utils.Helpers - false
14:53:24.405 [ApplicationImpl pooled thread 1635] INFO  c.b.s.l.BrowserStackRunExtension - maven
14:53:24.405 [ApplicationImpl pooled thread 1635] INFO  com.browserstack.sdk.utils.Helpers - false
14:53:59.623 [ApplicationImpl pooled thread 1646] INFO  c.b.s.l.BrowserStackRunExtension - testng
14:53:59.623 [ApplicationImpl pooled thread 1646] INFO  com.browserstack.sdk.utils.Helpers - false
15:00:39.781 [ApplicationImpl pooled thread 1634] INFO  c.b.s.l.BrowserStackRunExtension - testng
15:00:39.783 [ApplicationImpl pooled thread 1634] INFO  com.browserstack.sdk.utils.Helpers - false
15:12:45.201 [ApplicationImpl pooled thread 1661] INFO  c.b.s.l.BrowserStackRunExtension - testng
15:12:45.205 [ApplicationImpl pooled thread 1661] INFO  com.browserstack.sdk.utils.Helpers - false
15:35:47.224 [ApplicationImpl pooled thread 1682] INFO  c.b.s.l.BrowserStackRunExtension - maven
15:35:47.224 [ApplicationImpl pooled thread 1682] INFO  com.browserstack.sdk.utils.Helpers - false
15:37:15.636 [ApplicationImpl pooled thread 1690] INFO  c.b.s.l.BrowserStackRunExtension - testng
15:37:15.636 [ApplicationImpl pooled thread 1690] INFO  com.browserstack.sdk.utils.Helpers - false
15:54:56.350 [ApplicationImpl pooled thread 1704] INFO  c.b.s.l.BrowserStackRunExtension - maven
15:54:56.350 [ApplicationImpl pooled thread 1704] INFO  com.browserstack.sdk.utils.Helpers - false
16:00:38.682 [ApplicationImpl pooled thread 1716] INFO  c.b.s.l.BrowserStackRunExtension - testng
16:00:38.683 [ApplicationImpl pooled thread 1716] INFO  com.browserstack.sdk.utils.Helpers - false
16:01:38.846 [ApplicationImpl pooled thread 1717] INFO  c.b.s.l.BrowserStackRunExtension - testng
16:01:38.846 [ApplicationImpl pooled thread 1717] INFO  com.browserstack.sdk.utils.Helpers - false
16:06:31.795 [ApplicationImpl pooled thread 1727] INFO  c.b.s.l.BrowserStackRunExtension - maven
16:06:31.795 [ApplicationImpl pooled thread 1727] INFO  com.browserstack.sdk.utils.Helpers - false
16:06:49.124 [ApplicationImpl pooled thread 1721] INFO  c.b.s.l.BrowserStackRunExtension - testng
16:06:49.124 [ApplicationImpl pooled thread 1721] INFO  com.browserstack.sdk.utils.Helpers - false
16:08:51.115 [ApplicationImpl pooled thread 1731] INFO  c.b.s.l.BrowserStackRunExtension - testng
16:08:51.115 [ApplicationImpl pooled thread 1731] INFO  com.browserstack.sdk.utils.Helpers - false
16:28:21.503 [ApplicationImpl pooled thread 1746] INFO  c.b.s.l.BrowserStackRunExtension - testng
16:28:21.505 [ApplicationImpl pooled thread 1746] INFO  com.browserstack.sdk.utils.Helpers - false
16:30:19.245 [ApplicationImpl pooled thread 1753] INFO  c.b.s.l.BrowserStackRunExtension - testng
16:30:19.245 [ApplicationImpl pooled thread 1753] INFO  com.browserstack.sdk.utils.Helpers - false
17:08:43.530 [ApplicationImpl pooled thread 1775] INFO  c.b.s.l.BrowserStackRunExtension - testng
17:08:43.532 [ApplicationImpl pooled thread 1775] INFO  com.browserstack.sdk.utils.Helpers - false
17:33:48.475 [ApplicationImpl pooled thread 1785] INFO  c.b.s.l.BrowserStackRunExtension - testng
17:33:48.476 [ApplicationImpl pooled thread 1785] INFO  com.browserstack.sdk.utils.Helpers - false
17:35:29.672 [ApplicationImpl pooled thread 1792] INFO  c.b.s.l.BrowserStackRunExtension - testng
17:35:29.673 [ApplicationImpl pooled thread 1792] INFO  com.browserstack.sdk.utils.Helpers - false
11:37:46.849 [ApplicationImpl pooled thread 1921] INFO  c.b.s.l.BrowserStackRunExtension - testng
11:37:46.853 [ApplicationImpl pooled thread 1921] INFO  com.browserstack.sdk.utils.Helpers - false
11:59:57.561 [ApplicationImpl pooled thread 1934] INFO  c.b.s.l.BrowserStackRunExtension - testng
11:59:57.564 [ApplicationImpl pooled thread 1934] INFO  com.browserstack.sdk.utils.Helpers - false
12:08:10.790 [ApplicationImpl pooled thread 1951] INFO  c.b.s.l.BrowserStackRunExtension - testng
12:08:10.791 [ApplicationImpl pooled thread 1951] INFO  com.browserstack.sdk.utils.Helpers - false
13:07:26.097 [ApplicationImpl pooled thread 1983] INFO  c.b.s.l.BrowserStackRunExtension - maven
13:07:26.097 [ApplicationImpl pooled thread 1983] INFO  com.browserstack.sdk.utils.Helpers - false
14:27:55.520 [ApplicationImpl pooled thread 2011] INFO  c.b.s.l.BrowserStackRunExtension - testng
14:27:55.521 [ApplicationImpl pooled thread 2011] INFO  com.browserstack.sdk.utils.Helpers - false
14:38:51.553 [ApplicationImpl pooled thread 2009] INFO  c.b.s.l.BrowserStackRunExtension - testng
14:38:51.554 [ApplicationImpl pooled thread 2009] INFO  com.browserstack.sdk.utils.Helpers - false
14:40:29.217 [ApplicationImpl pooled thread 2017] INFO  c.b.s.l.BrowserStackRunExtension - testng
14:40:29.218 [ApplicationImpl pooled thread 2017] INFO  com.browserstack.sdk.utils.Helpers - false
15:31:31.409 [ApplicationImpl pooled thread 2035] INFO  c.b.s.l.BrowserStackRunExtension - testng
15:31:31.410 [ApplicationImpl pooled thread 2035] INFO  com.browserstack.sdk.utils.Helpers - false
17:43:21.735 [ApplicationImpl pooled thread 2067] INFO  c.b.s.l.BrowserStackRunExtension - testng
17:43:21.737 [ApplicationImpl pooled thread 2067] INFO  com.browserstack.sdk.utils.Helpers - false
17:46:26.027 [ApplicationImpl pooled thread 2069] INFO  c.b.s.l.BrowserStackRunExtension - testng
17:46:26.027 [ApplicationImpl pooled thread 2069] INFO  com.browserstack.sdk.utils.Helpers - false
17:51:23.485 [ApplicationImpl pooled thread 2072] INFO  c.b.s.l.BrowserStackRunExtension - testng
17:51:23.485 [ApplicationImpl pooled thread 2072] INFO  com.browserstack.sdk.utils.Helpers - false
17:52:59.379 [ApplicationImpl pooled thread 2077] INFO  c.b.s.l.BrowserStackRunExtension - testng
17:52:59.379 [ApplicationImpl pooled thread 2077] INFO  com.browserstack.sdk.utils.Helpers - false
11:23:50.128 [ApplicationImpl pooled thread 2176] INFO  c.b.s.l.BrowserStackRunExtension - testng
11:23:50.129 [ApplicationImpl pooled thread 2176] INFO  com.browserstack.sdk.utils.Helpers - false
11:24:46.665 [ApplicationImpl pooled thread 2186] INFO  c.b.s.l.BrowserStackRunExtension - testng
11:24:46.666 [ApplicationImpl pooled thread 2186] INFO  com.browserstack.sdk.utils.Helpers - false
11:26:10.997 [ApplicationImpl pooled thread 2186] INFO  c.b.s.l.BrowserStackRunExtension - testng
11:26:10.998 [ApplicationImpl pooled thread 2186] INFO  com.browserstack.sdk.utils.Helpers - false
11:38:18.045 [ApplicationImpl pooled thread 2197] INFO  c.b.s.l.BrowserStackRunExtension - testng
11:38:18.046 [ApplicationImpl pooled thread 2197] INFO  com.browserstack.sdk.utils.Helpers - false
11:41:23.611 [ApplicationImpl pooled thread 2192] INFO  c.b.s.l.BrowserStackRunExtension - testng
11:41:23.611 [ApplicationImpl pooled thread 2192] INFO  com.browserstack.sdk.utils.Helpers - false
12:24:16.479 [ApplicationImpl pooled thread 2221] INFO  c.b.s.l.BrowserStackRunExtension - testng
12:24:16.481 [ApplicationImpl pooled thread 2221] INFO  com.browserstack.sdk.utils.Helpers - false
12:28:19.731 [ApplicationImpl pooled thread 2229] INFO  c.b.s.l.BrowserStackRunExtension - testng
12:28:19.731 [ApplicationImpl pooled thread 2229] INFO  com.browserstack.sdk.utils.Helpers - false
14:45:40.819 [ApplicationImpl pooled thread 2288] INFO  c.b.s.l.BrowserStackRunExtension - testng
14:45:40.821 [ApplicationImpl pooled thread 2288] INFO  com.browserstack.sdk.utils.Helpers - false
15:04:32.300 [ApplicationImpl pooled thread 2297] INFO  c.b.s.l.BrowserStackRunExtension - testng
15:04:32.301 [ApplicationImpl pooled thread 2297] INFO  com.browserstack.sdk.utils.Helpers - false
15:12:56.645 [ApplicationImpl pooled thread 2297] INFO  c.b.s.l.BrowserStackRunExtension - testng
15:12:56.646 [ApplicationImpl pooled thread 2297] INFO  com.browserstack.sdk.utils.Helpers - false
15:14:07.269 [ApplicationImpl pooled thread 2314] INFO  c.b.s.l.BrowserStackRunExtension - testng
15:14:07.269 [ApplicationImpl pooled thread 2314] INFO  com.browserstack.sdk.utils.Helpers - false
16:25:39.909 [ApplicationImpl pooled thread 2347] INFO  c.b.s.l.BrowserStackRunExtension - testng
16:25:39.910 [ApplicationImpl pooled thread 2347] INFO  com.browserstack.sdk.utils.Helpers - false
16:46:37.029 [ApplicationImpl pooled thread 2356] INFO  c.b.s.l.BrowserStackRunExtension - testng
16:46:37.029 [ApplicationImpl pooled thread 2356] INFO  com.browserstack.sdk.utils.Helpers - false
16:48:02.130 [ApplicationImpl pooled thread 2362] INFO  c.b.s.l.BrowserStackRunExtension - testng
16:48:02.131 [ApplicationImpl pooled thread 2362] INFO  com.browserstack.sdk.utils.Helpers - false
16:48:17.286 [ApplicationImpl pooled thread 2359] INFO  c.b.s.l.BrowserStackRunExtension - testng
16:48:17.286 [ApplicationImpl pooled thread 2359] INFO  com.browserstack.sdk.utils.Helpers - false
16:52:50.016 [ApplicationImpl pooled thread 2361] INFO  c.b.s.l.BrowserStackRunExtension - testng
16:52:50.016 [ApplicationImpl pooled thread 2361] INFO  com.browserstack.sdk.utils.Helpers - false
17:00:17.104 [ApplicationImpl pooled thread 2356] INFO  c.b.s.l.BrowserStackRunExtension - testng
17:00:17.106 [ApplicationImpl pooled thread 2356] INFO  com.browserstack.sdk.utils.Helpers - false
17:11:14.408 [ApplicationImpl pooled thread 2381] INFO  c.b.s.l.BrowserStackRunExtension - testng
17:11:14.409 [ApplicationImpl pooled thread 2381] INFO  com.browserstack.sdk.utils.Helpers - false
14:48:16.526 [ApplicationImpl pooled thread 2558] INFO  c.b.s.l.BrowserStackRunExtension - testng
14:48:16.527 [ApplicationImpl pooled thread 2558] INFO  com.browserstack.sdk.utils.Helpers - false
14:49:45.971 [ApplicationImpl pooled thread 2563] INFO  c.b.s.l.BrowserStackRunExtension - testng
14:49:45.971 [ApplicationImpl pooled thread 2563] INFO  com.browserstack.sdk.utils.Helpers - false
14:51:50.999 [ApplicationImpl pooled thread 2558] INFO  c.b.s.l.BrowserStackRunExtension - testng
14:51:50.999 [ApplicationImpl pooled thread 2558] INFO  com.browserstack.sdk.utils.Helpers - false
17:15:27.500 [ApplicationImpl pooled thread 2913] INFO  c.b.s.l.BrowserStackRunExtension - testng
17:15:27.501 [ApplicationImpl pooled thread 2913] INFO  com.browserstack.sdk.utils.Helpers - false
11:33:00.920 [ApplicationImpl pooled thread 3223] INFO  c.b.s.l.BrowserStackRunExtension - maven
11:33:00.922 [ApplicationImpl pooled thread 3223] INFO  com.browserstack.sdk.utils.Helpers - false
11:28:01.177 [ApplicationImpl pooled thread 3] INFO  c.b.s.l.BrowserStackRunExtension - testng
11:28:01.183 [ApplicationImpl pooled thread 3] INFO  com.browserstack.sdk.utils.Helpers - false
11:29:09.022 [ApplicationImpl pooled thread 3] INFO  c.b.s.l.BrowserStackRunExtension - testng
11:29:09.022 [ApplicationImpl pooled thread 3] INFO  com.browserstack.sdk.utils.Helpers - false
11:36:17.412 [ApplicationImpl pooled thread 11] INFO  c.b.s.l.BrowserStackRunExtension - testng
11:36:17.412 [ApplicationImpl pooled thread 11] INFO  com.browserstack.sdk.utils.Helpers - false
11:38:44.301 [ApplicationImpl pooled thread 17] INFO  c.b.s.l.BrowserStackRunExtension - testng
11:38:44.301 [ApplicationImpl pooled thread 17] INFO  com.browserstack.sdk.utils.Helpers - false
11:57:04.586 [ApplicationImpl pooled thread 23] INFO  c.b.s.l.BrowserStackRunExtension - testng
11:57:04.586 [ApplicationImpl pooled thread 23] INFO  com.browserstack.sdk.utils.Helpers - false
15:47:56.938 [ApplicationImpl pooled thread 59] INFO  c.b.s.l.BrowserStackRunExtension - testng
15:47:56.939 [ApplicationImpl pooled thread 59] INFO  com.browserstack.sdk.utils.Helpers - false
16:43:46.348 [ApplicationImpl pooled thread 78] INFO  c.b.s.l.BrowserStackRunExtension - testng
16:43:46.349 [ApplicationImpl pooled thread 78] INFO  com.browserstack.sdk.utils.Helpers - false
16:45:27.641 [ApplicationImpl pooled thread 78] INFO  c.b.s.l.BrowserStackRunExtension - testng
16:45:27.641 [ApplicationImpl pooled thread 78] INFO  com.browserstack.sdk.utils.Helpers - false
17:05:42.211 [ApplicationImpl pooled thread 101] INFO  c.b.s.l.BrowserStackRunExtension - testng
17:05:42.211 [ApplicationImpl pooled thread 101] INFO  com.browserstack.sdk.utils.Helpers - false
11:17:19.501 [ApplicationImpl pooled thread 147] INFO  c.b.s.l.BrowserStackRunExtension - testng
11:17:19.506 [ApplicationImpl pooled thread 147] INFO  com.browserstack.sdk.utils.Helpers - false
13:56:17.927 [ApplicationImpl pooled thread 187] INFO  c.b.s.l.BrowserStackRunExtension - testng
13:56:17.928 [ApplicationImpl pooled thread 187] INFO  com.browserstack.sdk.utils.Helpers - false
